E:\STM32CubeIDE_1.13.1\STM32CubeIDE\plugins\com.st.stm32cube.ide.mcu.externaltools.gnu-tools-for-stm32.11.3.rel1.win32_1.1.0.202305231506\tools\bin/../lib/gcc/arm-none-eabi/11.3.1/../../../../arm-none-eabi/include/c++/11.3.1/cmath:338:3:constexpr float std::log(float)	16	static
E:\STM32CubeIDE_1.13.1\STM32CubeIDE\plugins\com.st.stm32cube.ide.mcu.externaltools.gnu-tools-for-stm32.11.3.rel1.win32_1.1.0.202305231506\tools\bin/../lib/gcc/arm-none-eabi/11.3.1/../../../../arm-none-eabi/include/c++/11.3.1/cmath:463:3:constexpr float std::sqrt(float)	16	static
../Core/Src/MAX30100.cpp:32:1:MAX30100::MAX30100(Mode, SamplingRate, LEDPulseWidth, LEDCurrent, bool, bool)	16	static
../Core/Src/MAX30100.cpp:90:17:pulseoxymeter_t MAX30100::update()	56	static
../Core/Src/MAX30100.cpp:157:6:bool MAX30100::detectPulse(float)	40	static
../Core/Src/MAX30100.cpp:273:6:void MAX30100::balanceIntesities(float, float)	32	static
../Core/Src/MAX30100.cpp:296:6:void MAX30100::writeRegister(uint8_t, uint8_t)	32	static
../Core/Src/MAX30100.cpp:301:9:uint8_t MAX30100::readRegister(uint8_t)	40	static
../Core/Src/MAX30100.cpp:313:6:void MAX30100::readFrom(uint8_t, int, uint8_t*)	40	static
../Core/Src/MAX30100.cpp:318:6:void MAX30100::setMode(Mode)	24	static
../Core/Src/MAX30100.cpp:324:6:void MAX30100::setHighresModeEnabled(bool)	24	static
../Core/Src/MAX30100.cpp:334:6:void MAX30100::setSamplingRate(SamplingRate)	24	static
../Core/Src/MAX30100.cpp:340:6:void MAX30100::setLEDPulseWidth(LEDPulseWidth)	24	static
../Core/Src/MAX30100.cpp:346:6:void MAX30100::setLEDCurrents(uint8_t, uint8_t)	16	static
../Core/Src/MAX30100.cpp:351:7:float MAX30100::readTemperature()	24	static
../Core/Src/MAX30100.cpp:364:6:void MAX30100::resetFIFO()	16	static
../Core/Src/MAX30100.cpp:370:8:fifo_t MAX30100::readFIFO()	32	static
../Core/Src/MAX30100.cpp:382:12:dcFilter_t MAX30100::dcRemoval(float, float, float)	24	static
../Core/Src/MAX30100.cpp:391:6:void MAX30100::lowPassButterworthFilter(float, butterworthFilter_t*)	32	static
../Core/Src/MAX30100.cpp:404:7:float MAX30100::meanDiff(float, meanDiffFilter_t*)	40	static
../Core/Src/MAX30100.cpp:422:6:void MAX30100::printRegisters()	16	static
