../Core/Src/sim7600.cpp:16:5:int AT_Getstring_index(char*, char*, char*, int)	56	static
../Core/Src/sim7600.cpp:60:5:int AT_Getint_index(int*, char*, char*, int)	48	static
../Core/Src/sim7600.cpp:72:6:void SIM7600_TURN_ON()	8	static
../Core/Src/sim7600.cpp:80:6:void SIM7600_TURN_OFF()	8	static
../Core/Src/sim7600.cpp:87:5:int At_Command_response(char*, char*, char*, int*, uint32_t)	40	static
../Core/Src/sim7600.cpp:125:5:int At_Command(char*, char*, uint32_t)	40	static
../Core/Src/sim7600.cpp:166:6:void Sim7600_init()	16	static
../Core/Src/sim7600.cpp:194:5:int AT_Sms_Send(char*, char*)	272	static
../Core/Src/sim7600.cpp:205:5:int AT_SIM7600_HTTP_Get(char*, char*, uint16_t*)	1064	static
../Core/Src/sim7600.cpp:233:5:int extractFloatValues(const char*, float*, float*)	32	static
../Core/Src/sim7600.cpp:264:14:float prv_parse_lat_long(float)	24	static
../Core/Src/sim7600.cpp:273:6:int SIM_7600_read_GNSS(char*)	248	static
